// Jest Snapshot v1, https://goo.gl/fbAQLP

exports[`Should Review render correctly 1`] = `
<li
  className="reviews__item"
  id={1}
>
  <div
    className="reviews__user user"
  >
    <div
      className="reviews__avatar-wrapper user__avatar-wrapper"
    >
      <img
        alt="Reviews avatar"
        className="reviews__avatar user__avatar"
        height="54"
        src="https://assets.htmlacademy.ru/intensives/javascript-3/avatar/5.jpg"
        width="54"
      />
    </div>
    <span
      className="reviews__user-name"
    >
      Corey
    </span>
  </div>
  <div
    className="reviews__info"
  >
    <div
      className="reviews__rating rating"
    >
      <div
        className="reviews__stars rating__stars"
      >
        <span
          style={
            Object {
              "width": "100%",
            }
          }
        />
        <span
          className="visually-hidden"
        >
          Rating
        </span>
      </div>
    </div>
    <p
      className="reviews__text"
    >
      The house is very good, very happy, hygienic and simple living conditions around it are also very good. I hope to have the opportunity to come back. Thank you.
    </p>
    <time
      className="reviews__time"
      dateTime={2020-11-01T13:38:44.752Z}
    >
      November 2020
    </time>
  </div>
</li>
`;
